üöÄ COMPLETE LINUX BOOT TEST
======================================================================

Starting Linux...

Linux version 6.1.2-tinycore64 (tc@box) (gcc (GCC) 12.2.0, GNU ld (GNU Binutils) 2.39) #612 SMP Mon Jan  2 17:24:30 UTC 2023
Command line: console=ttyS0 panic=1
x86/fpu: x87 FPU will use FXSAVE
signal: max sigframe size: 1440
BIOS-provided physical RAM map:
BIOS-e820: [mem 0x0000000000000000-0x000000000009fbff] usable
BIOS-e820: [mem 0x000000000009fc00-0x000000000009ffff] reserved
BIOS-e820: [mem 0x00000000000f0000-0x00000000000fffff] reserved
BIOS-e820: [mem 0x0000000000100000-0x000000000ffdffff] usable
BIOS-e820: [mem 0x000000000ffe0000-0x000000000fffffff] reserved
BIOS-e820: [mem 0x00000000fffc0000-0x00000000ffffffff] reserved
BIOS-e820: [mem 0x000000fd00000000-0x000000ffffffffff] reserved
NX (Execute Disable) protection: active
SMBIOS 3.0.0 present.
DMI: QEMU Ubuntu 24.04 PC (i440FX + PIIX, 1996), BIOS 1.16.3-debian-1.16.3-2 04/01/2014
tsc: Fast TSC calibration using PIT
tsc: Detected 2600.037 MHz processor
AGP: No AGP bridge found
last_pfn = 0xffe0 max_arch_pfn = 0x400000000
x86/PAT: Configuration [0-7]: WB  WC  UC- UC  WB  WP  UC- WT  
found SMP MP-table at [mem 0x000f5480-0x000f548f]
ACPI: Early table checksum verification disabled
ACPI: RSDP 0x00000000000F52A0 000014 (v00 BOCHS )
ACPI: RSDT 0x000000000FFE1C52 000034 (v01 BOCHS  BXPC     00000001 BXPC 00000001)
ACPI: FACP 0x000000000FFE1B06 000074 (v01 BOCHS  BXPC     00000001 BXPC 00000001)
ACPI: DSDT 0x000000000FFE0040 001AC6 (v01 BOCHS  BXPC     00000001 BXPC 00000001)
ACPI: FACS 0x000000000FFE0000 000040
ACPI: APIC 0x000000000FFE1B7A 000078 (v03 BOCHS  BXPC     00000001 BXPC 00000001)
ACPI: HPET 0x000000000FFE1BF2 000038 (v01 BOCHS  BXPC     00000001 BXPC 00000001)
ACPI: WAET 0x000000000FFE1C2A 000028 (v01 BOCHS  BXPC     00000001 BXPC 00000001)
ACPI: Reserving FACP table memory at [mem 0xffe1b06-0xffe1b79]
ACPI: Reserving DSDT table memory at [mem 0xffe0040-0xffe1b05]
ACPI: Reserving FACS table memory at [mem 0xffe0000-0xffe003f]
ACPI: Reserving APIC table memory at [mem 0xffe1b7a-0xffe1bf1]
ACPI: Reserving HPET table memory at [mem 0xffe1bf2-0xffe1c29]
ACPI: Reserving WAET table memory at [mem 0xffe1c2a-0xffe1c51]
Zone ranges:
  DMA      [mem 0x0000000000001000-0x0000000000ffffff]
  DMA32    [mem 0x0000000001000000-0x000000000ffdffff]
  Normal   empty
Movable zone start for each node
Early memory node ranges
  node   0: [mem 0x0000000000001000-0x000000000009efff]
  node   0: [mem 0x0000000000100000-0x000000000ffdffff]
Initmem setup node 0 [mem 0x0000000000001000-0x000000000ffdffff]
On node 0, zone DMA: 1 pages in unavailable ranges
On node 0, zone DMA: 97 pages in unavailable ranges
On node 0, zone DMA32: 32 pages in unavailable ranges
ACPI: PM-Timer IO Port: 0x608
ACPI: LAPIC_NMI (acpi_id[0xff] dfl dfl lint[0x1])
IOAPIC[0]: apic_id 0, version 32, address 0xfec00000, GSI 0-23
ACPI: INT_SRC_OVR (bus 0 bus_irq 0 global_irq 2 dfl dfl)
ACPI: INT_SRC_OVR (bus 0 bus_irq 5 global_irq 5 high level)
ACPI: INT_SRC_OVR (bus 0 bus_irq 9 global_irq 9 high level)
ACPI: INT_SRC_OVR (bus 0 bus_irq 10 global_irq 10 high level)
ACPI: INT_SRC_OVR (bus 0 bus_irq 11 global_irq 11 high level)
ACPI: Using ACPI (MADT) for SMP configuration information
ACPI: HPET id: 0x8086a201 base: 0xfed00000
smpboot: Allowing 1 CPUs, 0 hotplug CPUs
PM: hibernation: Registered nosave memory: [mem 0x00000000-0x00000fff]
PM: hibernation: Registered nosave memory: [mem 0x0009f000-0x0009ffff]
PM: hibernation: Registered nosave memory: [mem 0x000a0000-0x000effff]
PM: hibernation: Registered nosave memory: [mem 0x000f0000-0x000fffff]
[mem 0x10000000-0xfffbffff] available for PCI devices
Booting paravirtualized kernel on bare hardware
clocksource: refined-jiffies: mask: 0xffffffff max_cycles: 0xffffffff, max_idle_ns: 6370452778343963 ns
setup_percpu: NR_CPUS:64 nr_cpumask_bits:1 nr_cpu_ids:1 nr_node_ids:1
percpu: Embedded 51 pages/cpu s172032 r8192 d28672 u2097152
Built 1 zonelists, mobility grouping on.  Total pages: 64352
Kernel command line: console=ttyS0 panic=1
Dentry cache hash table entries: 32768 (order: 6, 262144 bytes, linear)
Inode-cache hash table entries: 16384 (order: 5, 131072 bytes, linear)
mem auto-init: stack:off, heap alloc:off, heap free:off
AGP: Checking aperture...
AGP: No AGP bridge found
Memory: 233448K/261624K available (10241K kernel code, 1259K rwdata, 2180K rodata, 1316K init, 3488K bss, 27920K reserved, 0K cma-reserved)
rcu: Hierarchical RCU implementation.
rcu: 	RCU restricting CPUs from NR_CPUS=64 to nr_cpu_ids=1.
	Tracing variant of Tasks RCU enabled.
rcu: RCU calculated value of scheduler-enlistment delay is 30 jiffies.
rcu: Adjusting geometry for rcu_fanout_leaf=16, nr_cpu_ids=1
NR_IRQS: 4352, nr_irqs: 256, preallocated irqs: 16
rcu: srcu_init: Setting srcu_struct sizes based on contention.
Console: colour VGA+ 80x25
printk: console [ttyS0] enabled
ACPI: Core revision 20220331
clocksource: hpet: mask: 0xffffffff max_cycles: 0xffffffff, max_idle_ns: 19112604467 ns
APIC: Switch to symmetric I/O mode setup
..TIMER: vector=0x30 apic1=0 pin1=2 apic2=-1 pin2=-1
clocksource: tsc-early: mask: 0xffffffffffffffff max_cycles: 0x257a5ed49e5, max_idle_ns: 440795235317 ns
Calibrating delay loop (skipped), value calculated using timer frequency.. 5202.74 BogoMIPS (lpj=8666790)
pid_max: default: 32768 minimum: 301
Mount-cache hash table entries: 512 (order: 0, 4096 bytes, linear)
Mountpoint-cache hash table entries: 512 (order: 0, 4096 bytes, linear)
process: using AMD E400 aware idle routine
Last level iTLB entries: 4KB 512, 2MB 255, 4MB 127
Last level dTLB entries: 4KB 512, 2MB 255, 4MB 127, 1GB 0
Spectre V1 : Mitigation: usercopy/swapgs barriers and __user pointer sanitization
Spectre V2 : Mitigation: Retpolines
Spectre V2 : Spectre v2 / SpectreRSB mitigation: Filling RSB on context switch
Spectre V2 : Spectre v2 / SpectreRSB : Filling RSB on VMEXIT
Freeing SMP alternatives memory: 24K
smpboot: CPU0: AMD QEMU Virtual CPU version 2.5+ (family: 0xf, model: 0x6b, stepping: 0x1)
cblist_init_generic: Setting adjustable number of callback queues.
cblist_init_generic: Setting shift to 0 and lim to 1.
Performance Events: PMU not available due to virtualization, using software events only.
rcu: Hierarchical SRCU implementation.
rcu: 	Max phase no-delay instances is 1000.
smp: Bringing up secondary CPUs ...
smp: Brought up 1 node, 1 CPU
smpboot: Max logical packages: 1
smpboot: Total of 1 processors activated (5202.74 BogoMIPS)
clocksource: jiffies: mask: 0xffffffff max_cycles: 0xffffffff, max_idle_ns: 6370867519511994 ns
futex hash table entries: 256 (order: 2, 16384 bytes, linear)
pinctrl core: initialized pinctrl subsystem
NET: Registered PF_NETLINK/PF_ROUTE protocol family
DMA: preallocated 128 KiB GFP_KERNEL pool for atomic allocations
DMA: preallocated 128 KiB GFP_KERNEL|GFP_DMA pool for atomic allocations
DMA: preallocated 128 KiB GFP_KERNEL|GFP_DMA32 pool for atomic allocations
thermal_sys: Registered thermal governor 'bang_bang'
thermal_sys: Registered thermal governor 'step_wise'
thermal_sys: Registered thermal governor 'user_space'
cpuidle: using governor ladder
cpuidle: using governor menu
acpiphp: ACPI Hot Plug PCI Controller Driver version: 0.5
PCI: Using configuration type 1 for base access
HugeTLB: registered 2.00 MiB page size, pre-allocated 0 pages
HugeTLB: 0 KiB vmemmap can be freed for a 2.00 MiB page
cryptd: max_cpu_qlen set to 1000
ACPI: Added _OSI(Module Device)
ACPI: Added _OSI(Processor Device)
ACPI: Added _OSI(3.0 _SCP Extensions)
ACPI: Added _OSI(Processor Aggregator Device)
ACPI: 1 ACPI AML tables successfully acquired and loaded
ACPI: Interpreter enabled
ACPI: PM: (supports S0 S3 S4 S5)
ACPI: Using IOAPIC for interrupt routing
PCI: Using host bridge windows from ACPI; if necessary, use "pci=nocrs" and report a bug
PCI: Using E820 reservations for host bridge windows
ACPI: Enabled 2 GPEs in block 00 to 0F
ACPI: PCI Root Bridge [PCI0] (domain 0000 [bus 00-ff])
acpi PNP0A03:00: _OSC: OS supports [ASPM ClockPM Segments MSI HPX-Type3]
acpi PNP0A03:00: _OSC: not requesting OS control; OS requires [ExtendedConfig ASPM ClockPM MSI]
acpi PNP0A03:00: fail to add MMCONFIG information, can't access extended PCI configuration space under this bridge.
acpiphp: Slot [3] registered
acpiphp: Slot [4] registered
acpiphp: Slot [5] registered
acpiphp: Slot [6] registered
acpiphp: Slot [7] registered
acpiphp: Slot [8] registered
acpiphp: Slot [9] registered
acpiphp: Slot [10] registered
acpiphp: Slot [11] registered
acpiphp: Slot [12] registered
acpiphp: Slot [13] registered
acpiphp: Slot [14] registered
acpiphp: Slot [15] registered
acpiphp: Slot [16] registered
acpiphp: Slot [17] registered
acpiphp: Slot [18] registered
acpiphp: Slot [19] registered
acpiphp: Slot [20] registered
acpiphp: Slot [21] registered
acpiphp: Slot [22] registered
acpiphp: Slot [23] registered
acpiphp: Slot [24] registered
acpiphp: Slot [25] registered
acpiphp: Slot [26] registered
acpiphp: Slot [27] registered
acpiphp: Slot [28] registered
acpiphp: Slot [29] registered
acpiphp: Slot [30] registered
acpiphp: Slot [31] registered
PCI host bridge to bus 0000:00
pci_bus 0000:00: root bus resource [io  0x0000-0x0cf7 window]
pci_bus 0000:00: root bus resource [io  0x0d00-0xffff window]
pci_bus 0000:00: root bus resource [mem 0x000a0000-0x000bffff window]
pci_bus 0000:00: root bus resource [mem 0x10000000-0xfebfffff window]
pci_bus 0000:00: root bus resource [mem 0x100000000-0x17fffffff window]
pci_bus 0000:00: root bus resource [bus 00-ff]
pci 0000:00:00.0: [8086:1237] type 00 class 0x060000
pci 0000:00:01.0: [8086:7000] type 00 class 0x060100
pci 0000:00:01.1: [8086:7010] type 00 class 0x010180
pci 0000:00:01.1: reg 0x20: [io  0xc040-0xc04f]
pci 0000:00:01.1: legacy IDE quirk: reg 0x10: [io  0x01f0-0x01f7]
pci 0000:00:01.1: legacy IDE quirk: reg 0x14: [io  0x03f6]
pci 0000:00:01.1: legacy IDE quirk: reg 0x18: [io  0x0170-0x0177]
pci 0000:00:01.1: legacy IDE quirk: reg 0x1c: [io  0x0376]
pci 0000:00:01.3: [8086:7113] type 00 class 0x068000
pci 0000:00:01.3: quirk: [io  0x0600-0x063f] claimed by PIIX4 ACPI
pci 0000:00:01.3: quirk: [io  0x0700-0x070f] claimed by PIIX4 SMB
pci 0000:00:02.0: [1234:1111] type 00 class 0x030000
pci 0000:00:02.0: reg 0x10: [mem 0xfd000000-0xfdffffff pref]
pci 0000:00:02.0: reg 0x18: [mem 0xfebb0000-0xfebb0fff]
pci 0000:00:02.0: reg 0x30: [mem 0xfeba0000-0xfebaffff pref]
pci 0000:00:02.0: Video device with shadowed ROM at [mem 0x000c0000-0x000dffff]
pci 0000:00:03.0: [8086:100e] type 00 class 0x020000
pci 0000:00:03.0: reg 0x10: [mem 0xfeb80000-0xfeb9ffff]
pci 0000:00:03.0: reg 0x14: [io  0xc000-0xc03f]
pci 0000:00:03.0: reg 0x30: [mem 0xfeb00000-0xfeb7ffff pref]
ACPI: PCI: Interrupt link LNKA configured for IRQ 10
ACPI: PCI: Interrupt link LNKB configured for IRQ 10
ACPI: PCI: Interrupt link LNKC configured for IRQ 11
ACPI: PCI: Interrupt link LNKD configured for IRQ 11
ACPI: PCI: Interrupt link LNKS configured for IRQ 9
iommu: Default domain type: Translated 
iommu: DMA domain TLB invalidation policy: lazy mode 
SCSI subsystem initialized
ACPI: bus type USB registered
usbcore: registered new interface driver usbfs
usbcore: registered new interface driver hub
usbcore: registered new device driver usb
mc: Linux media interface: v0.10
videodev: Linux video capture interface: v2.00
pps_core: LinuxPPS API ver. 1 registered
pps_core: Software ver. 5.3.6 - Copyright 2005-2007 Rodolfo Giometti <giometti@linux.it>
PTP clock support registered
PCI: Using ACPI for IRQ routing
pci 0000:00:02.0: vgaarb: setting as boot VGA device
pci 0000:00:02.0: vgaarb: bridge control possible
pci 0000:00:02.0: vgaarb: VGA device added: decodes=io+mem,owns=io+mem,locks=none
vgaarb: loaded
hpet: 3 channels of 0 reserved for per-cpu timers
hpet0: at MMIO 0xfed00000, IRQs 2, 8, 0
hpet0: 3 comparators, 64-bit 100.000000 MHz counter
clocksource: Switched to clocksource tsc-early
pnp: PnP ACPI init
pnp: PnP ACPI: found 6 devices
clocksource: acpi_pm: mask: 0xffffff max_cycles: 0xffffff, max_idle_ns: 2085701024 ns
NET: Registered PF_INET protocol family
IP idents hash table entries: 4096 (order: 3, 32768 bytes, linear)
tcp_listen_portaddr_hash hash table entries: 256 (order: 0, 4096 bytes, linear)
Table-perturb hash table entries: 65536 (order: 6, 262144 bytes, linear)
TCP established hash table entries: 2048 (order: 2, 16384 bytes, linear)
TCP bind hash table entries: 2048 (order: 4, 65536 bytes, linear)
TCP: Hash tables configured (established 2048 bind 2048)
MPTCP token hash table entries: 256 (order: 0, 6144 bytes, linear)
UDP hash table entries: 256 (order: 1, 8192 bytes, linear)
UDP-Lite hash table entries: 256 (order: 1, 8192 bytes, linear)
NET: Registered PF_UNIX/PF_LOCAL protocol family
RPC: Registered named UNIX socket transport module.
RPC: Registered udp transport module.
RPC: Registered tcp transport module.
RPC: Registered tcp NFSv4.1 backchannel transport module.
pci_bus 0000:00: resource 4 [io  0x0000-0x0cf7 window]
pci_bus 0000:00: resource 5 [io  0x0d00-0xffff window]
pci_bus 0000:00: resource 6 [mem 0x000a0000-0x000bffff window]
pci_bus 0000:00: resource 7 [mem 0x10000000-0xfebfffff window]
pci_bus 0000:00: resource 8 [mem 0x100000000-0x17fffffff window]
pci 0000:00:01.0: PIIX3: Enabling Passive Release
pci 0000:00:00.0: Limiting direct PCI/PCI transfers
PCI: CLS 0 bytes, default 64
workingset: timestamp_bits=62 max_order=16 bucket_order=0
NFS: Registering the id_resolver key type
Key type id_resolver registered
Key type id_legacy registered
nfs4filelayout_init: NFSv4 File Layout Driver Registering...
nfs4flexfilelayout_init: NFSv4 Flexfile Layout Driver Registering...
fuse: init (API version 7.37)
NET: Registered PF_ALG protocol family
Key type asymmetric registered
Asymmetric key parser 'x509' registered
Block layer SCSI generic (bsg) driver version 0.4 loaded (major 246)
io scheduler mq-deadline registered
io scheduler kyber registered
input: Power Button as /devices/LNXSYSTM:00/LNXPWRBN:00/input/input0
ACPI: button: Power Button [PWRF]
Serial: 8250/16550 driver, 4 ports, IRQ sharing disabled
00:04: ttyS0 at I/O 0x3f8 (irq = 4, base_baud = 115200) is a 16550A
Non-volatile memory driver v1.3
Hangcheck: starting hangcheck timer 0.9.1 (tick is 180 seconds, margin is 60 seconds).
AMD-Vi: AMD IOMMUv2 functionality not available on this system - This is not a bug.
brd: module loaded
mtip32xx Version 1.3.1
zram: Added device: zram0
VMware PVSCSI driver - version 1.0.7.0-k
scsi host0: ata_piix
scsi host1: ata_piix
ata1: PATA max MWDMA2 cmd 0x1f0 ctl 0x3f6 bmdma 0xc040 irq 14
ata2: PATA max MWDMA2 cmd 0x170 ctl 0x376 bmdma 0xc048 irq 15
MACsec IEEE 802.1AE
tun: Universal TUN/TAP device driver, 1.6
PPP generic driver version 2.4.2
PPP Deflate Compression module registered
NET: Registered PF_PPPOX protocol family
VFIO - User Level meta-driver version: 0.3
usbcore: registered new interface driver uas
usbcore: registered new interface driver usb-storage
usbcore: registered new interface driver ums-alauda
usbcore: registered new interface driver ums-cypress
usbcore: registered new interface driver ums-datafab
usbcore: registered new interface driver ums_eneub6250
usbcore: registered new interface driver ums-freecom
usbcore: registered new interface driver ums-isd200
usbcore: registered new interface driver ums-jumpshot
usbcore: registered new interface driver ums-karma
usbcore: registered new interface driver ums-onetouch
usbcore: registered new interface driver ums-sddr09
usbcore: registered new interface driver ums-sddr55
usbcore: registered new interface driver ums-usbat
i8042: PNP: PS/2 Controller [PNP0303:KBD,PNP0f13:MOU] at 0x60,0x64 irq 1,12
serio: i8042 KBD port at 0x60,0x64 irq 1
serio: i8042 AUX port at 0x60,0x64 irq 12
mousedev: PS/2 mouse device common for all mice
input: AT Translated Set 2 keyboard as /devices/platform/i8042/serio0/input/input1
usbcore: registered new interface driver appletouch
usbcore: registered new interface driver bcm5974
usbcore: registered new interface driver synaptics_usb
rtc_cmos 00:05: RTC can wake from S4
rtc_cmos 00:05: registered as rtc0
rtc_cmos 00:05: setting system clock to 2025-11-19T04:29:06 UTC (1763526546)
rtc_cmos 00:05: alarms up to one day, y3k, 242 bytes nvram, hpet irqs
intel_powerclamp: CPU does not support MWAIT
softdog: initialized. soft_noboot=0 soft_margin=60 sec soft_panic=0 (nowayout=0)
softdog:              soft_reboot_cmd=<not set> soft_active_on_boot=0
ledtrig-cpu: registered to indicate activity on CPUs
ccp_crypto: Cannot load: there are no available CCPs
hid: raw HID events driver (C) Jiri Kosina
usbcore: registered new interface driver usbhid
usbhid: USB HID core driver
ipip: IPv4 and MPLS over IPv4 tunneling driver
Initializing XFRM netlink socket
NET: Registered PF_PACKET protocol family
NET: Registered PF_KEY protocol family
Key type dns_resolver registered
NET: Registered PF_VSOCK protocol family
IPI shorthand broadcast: enabled
sched_clock: Marking stable (1050556837, 45892219)->(1098123633, -1674577)
registered taskstats version 1
Key type .fscrypt registered
Key type fscrypt-provisioning registered
Key type encrypted registered
ata2: found unknown device (class 0)
ata2.00: ATAPI: QEMU DVD-ROM, 2.5+, max UDMA/100
scsi 1:0:0:0: CD-ROM            QEMU     QEMU DVD-ROM     2.5+ PQ: 0 ANSI: 5
sr 1:0:0:0: [sr0] scsi3-mmc drive: 4x/4x cd/rw xa/form2 tray
cdrom: Uniform CD-ROM driver Revision: 3.20
sr 1:0:0:0: Attached scsi generic sg0 type 5
tsc: Refined TSC clocksource calibration: 2600.001 MHz
clocksource: tsc: mask: 0xffffffffffffffff max_cycles: 0x257a3ce1c4c, max_idle_ns: 440795206275 ns
clocksource: Switched to clocksource tsc
input: ImExPS/2 Generic Explorer Mouse as /devices/platform/i8042/serio1/input/input3
/dev/root: Can't open blockdev
VFS: Cannot open root device "(null)" or unknown-block(0,0): error -6
Please append a correct "root=" boot option; here are the available partitions:
0100            8192 ram0 
 (driver?)
0101            8192 ram1 
 (driver?)
0102            8192 ram2 
 (driver?)
0103            8192 ram3 
 (driver?)
0104            8192 ram4 
 (driver?)
0105            8192 ram5 
 (driver?)
0106            8192 ram6 
 (driver?)
0107            8192 ram7 
 (driver?)
0b00         1048575 sr0 
 driver: sr
Kernel panic - not syncing: VFS: Unable to mount root fs on unknown-block(0,0)
Kernel Offset: disabled
Rebooting in 1 seconds..


=== EXIT CODE: 0 ===

‚ùå KERNEL PANIC - Boot failed
